---
source: crates/plantuml-core/tests/sequence_tests.rs
expression: svg
---
<?xml version="1.0" encoding="UTF-8"?>
<svg height="294" viewBox="0 10 220 294" width="220" xmlns="http://www.w3.org/2000/svg">
<defs>
<marker id="arrow" markerHeight="8" markerUnits="userSpaceOnUse" markerWidth="10" orient="auto" refX="10" refY="4">
<path d="M0,0 L10,4 L0,8 L4,4 Z" fill="#181818"/>
</marker>
<marker id="arrow-open" markerHeight="8" markerUnits="userSpaceOnUse" markerWidth="10" orient="auto" refX="10" refY="4">
<path d="M0,0 L10,4 L0,8" fill="none" stroke="#181818" stroke-width="1"/>
</marker>
<marker id="inheritance" markerHeight="20" markerUnits="userSpaceOnUse" markerWidth="20" orient="auto" refX="20" refY="10">
<path d="M0,0 L20,10 L0,20 Z" fill="#FFFFFF" stroke="#181818" stroke-width="1"/>
</marker>
<marker id="composition" markerHeight="12" markerUnits="userSpaceOnUse" markerWidth="12" orient="auto" refX="0" refY="6">
<path d="M0,6 L6,0 L12,6 L6,12 Z" fill="#181818"/>
</marker>
<marker id="aggregation" markerHeight="12" markerUnits="userSpaceOnUse" markerWidth="12" orient="auto" refX="0" refY="6">
<path d="M0,6 L6,0 L12,6 L6,12 Z" fill="#FFFFFF" stroke="#181818" stroke-width="1"/>
</marker>
</defs>
<g id="participant_Alice">
<rect fill="#E2E2F0" height="30" rx="2.5" ry="2.5" stroke="#181818" stroke-width="0.5" width="55" x="15" y="15"/>
<text dominant-baseline="middle" fill="#000000" font-family="sans-serif" font-size="14" text-anchor="middle" x="42.5" y="30">
Alice
</text>
</g>
<g id="participant_Bob">
<rect fill="#E2E2F0" height="30" rx="2.5" ry="2.5" stroke="#181818" stroke-width="0.5" width="50" x="155" y="15"/>
<text dominant-baseline="middle" fill="#000000" font-family="sans-serif" font-size="14" text-anchor="middle" x="180" y="30">
Bob
</text>
</g>
<g id="msg_Alice_Bob">
<path d="M42.5,75 L180,75" fill="none" marker-end="url(#arrow)" stroke="#181818" stroke-width="1"/>
<text dominant-baseline="auto" fill="#000000" font-family="sans-serif" font-size="13" text-anchor="start" x="47.5" y="70">
Request
</text>
</g>
<g id="fragment_alt">
<rect fill="none" height="162" stroke="#181818" stroke-width="1.5" width="210" x="5" y="103"/>
<path d="M5,103 L45,103 L45,115 L37,123 L5,123 Z" fill="#E2E2F0" stroke="#181818" stroke-width="1.5"/>
<text fill="#000000" font-family="sans-serif" font-size="14" font-weight="bold" x="10" y="117">
alt
</text>
<text fill="#000000" font-family="sans-serif" font-size="14" x="55" y="117">
[success]
</text>
<g id="msg_Bob_Alice">
<path d="M180,151 L42.5,151" fill="none" marker-end="url(#arrow)" stroke="#181818" stroke-dasharray="2,2" stroke-width="1"/>
<text dominant-baseline="auto" fill="#000000" font-family="sans-serif" font-size="13" text-anchor="start" x="47.5" y="146">
OK
</text>
</g>
<path d="M5,194 L215,194" fill="none" stroke="#181818" stroke-dasharray="5,3" stroke-width="1"/>
<text fill="#000000" font-family="sans-serif" font-size="13" x="10" y="189">
[failure]
</text>
<g id="msg_Bob_Alice">
<path d="M180,222 L42.5,222" fill="none" marker-end="url(#arrow)" stroke="#181818" stroke-dasharray="2,2" stroke-width="1"/>
<text dominant-baseline="auto" fill="#000000" font-family="sans-serif" font-size="13" text-anchor="start" x="47.5" y="217">
Error
</text>
</g>
</g>
<g id="lifeline_Alice">
<path d="M42.5,45 L42.5,269" fill="none" stroke="#181818" stroke-dasharray="5,5" stroke-width="0.5"/>
</g>
<g id="lifeline_Bob">
<path d="M180,45 L180,269" fill="none" stroke="#181818" stroke-dasharray="5,5" stroke-width="0.5"/>
</g>
<g id="footer_Alice">
<rect fill="#E2E2F0" height="30" rx="2.5" ry="2.5" stroke="#181818" stroke-width="0.5" width="55" x="15" y="269"/>
<text dominant-baseline="middle" fill="#000000" font-family="sans-serif" font-size="14" text-anchor="middle" x="42.5" y="284">
Alice
</text>
</g>
<g id="footer_Bob">
<rect fill="#E2E2F0" height="30" rx="2.5" ry="2.5" stroke="#181818" stroke-width="0.5" width="50" x="155" y="269"/>
<text dominant-baseline="middle" fill="#000000" font-family="sans-serif" font-size="14" text-anchor="middle" x="180" y="284">
Bob
</text>
</g>
</svg>
